                              1 ;--------------------------------------------------------
                              2 ; File Created by SDCC : free open source ANSI-C Compiler
                              3 ; Version 3.6.8 #9946 (Linux)
                              4 ;--------------------------------------------------------
                              5 	.module level2
                              6 	.optsdcc -mz80
                              7 	
                              8 ;--------------------------------------------------------
                              9 ; Public variables in this module
                             10 ;--------------------------------------------------------
                             11 	.globl _level2
                             12 ;--------------------------------------------------------
                             13 ; special function registers
                             14 ;--------------------------------------------------------
                             15 ;--------------------------------------------------------
                             16 ; ram data
                             17 ;--------------------------------------------------------
                             18 	.area _DATA
                             19 ;--------------------------------------------------------
                             20 ; ram data
                             21 ;--------------------------------------------------------
                             22 	.area _INITIALIZED
                             23 ;--------------------------------------------------------
                             24 ; absolute external ram data
                             25 ;--------------------------------------------------------
                             26 	.area _DABS (ABS)
                             27 ;--------------------------------------------------------
                             28 ; global & static initialisations
                             29 ;--------------------------------------------------------
                             30 	.area _HOME
                             31 	.area _GSINIT
                             32 	.area _GSFINAL
                             33 	.area _GSINIT
                             34 ;--------------------------------------------------------
                             35 ; Home
                             36 ;--------------------------------------------------------
                             37 	.area _HOME
                             38 	.area _HOME
                             39 ;--------------------------------------------------------
                             40 ; code
                             41 ;--------------------------------------------------------
                             42 	.area _CODE
                             43 	.area _CODE
   0000                      44 _level2:
   0000 FF                   45 	.db #0xff	; 255
   0001 FF                   46 	.db #0xff	; 255
   0002 FF                   47 	.db #0xff	; 255
   0003 33                   48 	.db #0x33	; 51	'3'
   0004 34                   49 	.db #0x34	; 52	'4'
   0005 FF                   50 	.db #0xff	; 255
   0006 FF                   51 	.db #0xff	; 255
   0007 FF                   52 	.db #0xff	; 255
   0008 FF                   53 	.db #0xff	; 255
   0009 13                   54 	.db #0x13	; 19
   000A 14                   55 	.db #0x14	; 20
   000B FF                   56 	.db #0xff	; 255
   000C FF                   57 	.db #0xff	; 255
   000D FF                   58 	.db #0xff	; 255
   000E FF                   59 	.db #0xff	; 255
   000F 13                   60 	.db #0x13	; 19
   0010 14                   61 	.db #0x14	; 20
   0011 FF                   62 	.db #0xff	; 255
   0012 FF                   63 	.db #0xff	; 255
   0013 FF                   64 	.db #0xff	; 255
   0014 FF                   65 	.db #0xff	; 255
   0015 13                   66 	.db #0x13	; 19
   0016 14                   67 	.db #0x14	; 20
   0017 FF                   68 	.db #0xff	; 255
   0018 FF                   69 	.db #0xff	; 255
   0019 FF                   70 	.db #0xff	; 255
   001A FF                   71 	.db #0xff	; 255
   001B 13                   72 	.db #0x13	; 19
   001C 14                   73 	.db #0x14	; 20
   001D FF                   74 	.db #0xff	; 255
   001E FF                   75 	.db #0xff	; 255
   001F FF                   76 	.db #0xff	; 255
   0020 FF                   77 	.db #0xff	; 255
   0021 13                   78 	.db #0x13	; 19
   0022 14                   79 	.db #0x14	; 20
   0023 FF                   80 	.db #0xff	; 255
   0024 FF                   81 	.db #0xff	; 255
   0025 FF                   82 	.db #0xff	; 255
   0026 FF                   83 	.db #0xff	; 255
   0027 FF                   84 	.db #0xff	; 255
   0028 FF                   85 	.db #0xff	; 255
   0029 FF                   86 	.db #0xff	; 255
   002A FF                   87 	.db #0xff	; 255
   002B 43                   88 	.db #0x43	; 67	'C'
   002C 44                   89 	.db #0x44	; 68	'D'
   002D FF                   90 	.db #0xff	; 255
   002E FF                   91 	.db #0xff	; 255
   002F FF                   92 	.db #0xff	; 255
   0030 FF                   93 	.db #0xff	; 255
   0031 23                   94 	.db #0x23	; 35
   0032 24                   95 	.db #0x24	; 36
   0033 FF                   96 	.db #0xff	; 255
   0034 FF                   97 	.db #0xff	; 255
   0035 FF                   98 	.db #0xff	; 255
   0036 FF                   99 	.db #0xff	; 255
   0037 23                  100 	.db #0x23	; 35
   0038 24                  101 	.db #0x24	; 36
   0039 FF                  102 	.db #0xff	; 255
   003A FF                  103 	.db #0xff	; 255
   003B FF                  104 	.db #0xff	; 255
   003C FF                  105 	.db #0xff	; 255
   003D 23                  106 	.db #0x23	; 35
   003E 24                  107 	.db #0x24	; 36
   003F FF                  108 	.db #0xff	; 255
   0040 FF                  109 	.db #0xff	; 255
   0041 FF                  110 	.db #0xff	; 255
   0042 FF                  111 	.db #0xff	; 255
   0043 23                  112 	.db #0x23	; 35
   0044 24                  113 	.db #0x24	; 36
   0045 FF                  114 	.db #0xff	; 255
   0046 FF                  115 	.db #0xff	; 255
   0047 FF                  116 	.db #0xff	; 255
   0048 FF                  117 	.db #0xff	; 255
   0049 23                  118 	.db #0x23	; 35
   004A 24                  119 	.db #0x24	; 36
   004B FF                  120 	.db #0xff	; 255
   004C FF                  121 	.db #0xff	; 255
   004D FF                  122 	.db #0xff	; 255
   004E FF                  123 	.db #0xff	; 255
   004F FF                  124 	.db #0xff	; 255
   0050 FF                  125 	.db #0xff	; 255
   0051 FF                  126 	.db #0xff	; 255
   0052 FF                  127 	.db #0xff	; 255
   0053 53                  128 	.db #0x53	; 83	'S'
   0054 54                  129 	.db #0x54	; 84	'T'
   0055 FF                  130 	.db #0xff	; 255
   0056 FF                  131 	.db #0xff	; 255
   0057 FF                  132 	.db #0xff	; 255
   0058 FF                  133 	.db #0xff	; 255
   0059 33                  134 	.db #0x33	; 51	'3'
   005A 34                  135 	.db #0x34	; 52	'4'
   005B FF                  136 	.db #0xff	; 255
   005C FF                  137 	.db #0xff	; 255
   005D FF                  138 	.db #0xff	; 255
   005E FF                  139 	.db #0xff	; 255
   005F 33                  140 	.db #0x33	; 51	'3'
   0060 34                  141 	.db #0x34	; 52	'4'
   0061 FF                  142 	.db #0xff	; 255
   0062 FF                  143 	.db #0xff	; 255
   0063 FF                  144 	.db #0xff	; 255
   0064 FF                  145 	.db #0xff	; 255
   0065 33                  146 	.db #0x33	; 51	'3'
   0066 34                  147 	.db #0x34	; 52	'4'
   0067 FF                  148 	.db #0xff	; 255
   0068 FF                  149 	.db #0xff	; 255
   0069 FF                  150 	.db #0xff	; 255
   006A FF                  151 	.db #0xff	; 255
   006B 33                  152 	.db #0x33	; 51	'3'
   006C 34                  153 	.db #0x34	; 52	'4'
   006D FF                  154 	.db #0xff	; 255
   006E FF                  155 	.db #0xff	; 255
   006F FF                  156 	.db #0xff	; 255
   0070 FF                  157 	.db #0xff	; 255
   0071 33                  158 	.db #0x33	; 51	'3'
   0072 34                  159 	.db #0x34	; 52	'4'
   0073 FF                  160 	.db #0xff	; 255
   0074 FF                  161 	.db #0xff	; 255
   0075 FF                  162 	.db #0xff	; 255
   0076 FF                  163 	.db #0xff	; 255
   0077 FF                  164 	.db #0xff	; 255
   0078 FF                  165 	.db #0xff	; 255
   0079 FF                  166 	.db #0xff	; 255
   007A FF                  167 	.db #0xff	; 255
   007B 23                  168 	.db #0x23	; 35
   007C 24                  169 	.db #0x24	; 36
   007D FF                  170 	.db #0xff	; 255
   007E FF                  171 	.db #0xff	; 255
   007F FF                  172 	.db #0xff	; 255
   0080 FF                  173 	.db #0xff	; 255
   0081 43                  174 	.db #0x43	; 67	'C'
   0082 44                  175 	.db #0x44	; 68	'D'
   0083 FF                  176 	.db #0xff	; 255
   0084 FF                  177 	.db #0xff	; 255
   0085 FF                  178 	.db #0xff	; 255
   0086 FF                  179 	.db #0xff	; 255
   0087 43                  180 	.db #0x43	; 67	'C'
   0088 44                  181 	.db #0x44	; 68	'D'
   0089 FF                  182 	.db #0xff	; 255
   008A FF                  183 	.db #0xff	; 255
   008B FF                  184 	.db #0xff	; 255
   008C FF                  185 	.db #0xff	; 255
   008D 43                  186 	.db #0x43	; 67	'C'
   008E 44                  187 	.db #0x44	; 68	'D'
   008F FF                  188 	.db #0xff	; 255
   0090 FF                  189 	.db #0xff	; 255
   0091 FF                  190 	.db #0xff	; 255
   0092 FF                  191 	.db #0xff	; 255
   0093 43                  192 	.db #0x43	; 67	'C'
   0094 44                  193 	.db #0x44	; 68	'D'
   0095 FF                  194 	.db #0xff	; 255
   0096 FF                  195 	.db #0xff	; 255
   0097 FF                  196 	.db #0xff	; 255
   0098 FF                  197 	.db #0xff	; 255
   0099 43                  198 	.db #0x43	; 67	'C'
   009A 44                  199 	.db #0x44	; 68	'D'
   009B FF                  200 	.db #0xff	; 255
   009C FF                  201 	.db #0xff	; 255
   009D FF                  202 	.db #0xff	; 255
   009E FF                  203 	.db #0xff	; 255
   009F FF                  204 	.db #0xff	; 255
   00A0 FF                  205 	.db #0xff	; 255
   00A1 FF                  206 	.db #0xff	; 255
   00A2 FF                  207 	.db #0xff	; 255
   00A3 13                  208 	.db #0x13	; 19
   00A4 14                  209 	.db #0x14	; 20
   00A5 FF                  210 	.db #0xff	; 255
   00A6 FF                  211 	.db #0xff	; 255
   00A7 FF                  212 	.db #0xff	; 255
   00A8 FF                  213 	.db #0xff	; 255
   00A9 53                  214 	.db #0x53	; 83	'S'
   00AA 54                  215 	.db #0x54	; 84	'T'
   00AB FF                  216 	.db #0xff	; 255
   00AC FF                  217 	.db #0xff	; 255
   00AD FF                  218 	.db #0xff	; 255
   00AE FF                  219 	.db #0xff	; 255
   00AF 13                  220 	.db #0x13	; 19
   00B0 14                  221 	.db #0x14	; 20
   00B1 FF                  222 	.db #0xff	; 255
   00B2 FF                  223 	.db #0xff	; 255
   00B3 FF                  224 	.db #0xff	; 255
   00B4 FF                  225 	.db #0xff	; 255
   00B5 13                  226 	.db #0x13	; 19
   00B6 14                  227 	.db #0x14	; 20
   00B7 FF                  228 	.db #0xff	; 255
   00B8 FF                  229 	.db #0xff	; 255
   00B9 FF                  230 	.db #0xff	; 255
   00BA FF                  231 	.db #0xff	; 255
   00BB 13                  232 	.db #0x13	; 19
   00BC 14                  233 	.db #0x14	; 20
   00BD FF                  234 	.db #0xff	; 255
   00BE FF                  235 	.db #0xff	; 255
   00BF FF                  236 	.db #0xff	; 255
   00C0 FF                  237 	.db #0xff	; 255
   00C1 53                  238 	.db #0x53	; 83	'S'
   00C2 54                  239 	.db #0x54	; 84	'T'
   00C3 FF                  240 	.db #0xff	; 255
   00C4 FF                  241 	.db #0xff	; 255
   00C5 FF                  242 	.db #0xff	; 255
   00C6 FF                  243 	.db #0xff	; 255
   00C7 FF                  244 	.db #0xff	; 255
   00C8 FF                  245 	.db #0xff	; 255
   00C9 FF                  246 	.db #0xff	; 255
   00CA FF                  247 	.db #0xff	; 255
   00CB 23                  248 	.db #0x23	; 35
   00CC 24                  249 	.db #0x24	; 36
   00CD FF                  250 	.db #0xff	; 255
   00CE FF                  251 	.db #0xff	; 255
   00CF FF                  252 	.db #0xff	; 255
   00D0 FF                  253 	.db #0xff	; 255
   00D1 43                  254 	.db #0x43	; 67	'C'
   00D2 44                  255 	.db #0x44	; 68	'D'
   00D3 FF                  256 	.db #0xff	; 255
   00D4 FF                  257 	.db #0xff	; 255
   00D5 FF                  258 	.db #0xff	; 255
   00D6 FF                  259 	.db #0xff	; 255
   00D7 23                  260 	.db #0x23	; 35
   00D8 24                  261 	.db #0x24	; 36
   00D9 FF                  262 	.db #0xff	; 255
   00DA FF                  263 	.db #0xff	; 255
   00DB FF                  264 	.db #0xff	; 255
   00DC FF                  265 	.db #0xff	; 255
   00DD 23                  266 	.db #0x23	; 35
   00DE 24                  267 	.db #0x24	; 36
   00DF FF                  268 	.db #0xff	; 255
   00E0 FF                  269 	.db #0xff	; 255
   00E1 FF                  270 	.db #0xff	; 255
   00E2 FF                  271 	.db #0xff	; 255
   00E3 23                  272 	.db #0x23	; 35
   00E4 24                  273 	.db #0x24	; 36
   00E5 FF                  274 	.db #0xff	; 255
   00E6 FF                  275 	.db #0xff	; 255
   00E7 FF                  276 	.db #0xff	; 255
   00E8 FF                  277 	.db #0xff	; 255
   00E9 43                  278 	.db #0x43	; 67	'C'
   00EA 44                  279 	.db #0x44	; 68	'D'
   00EB FF                  280 	.db #0xff	; 255
   00EC FF                  281 	.db #0xff	; 255
   00ED FF                  282 	.db #0xff	; 255
   00EE FF                  283 	.db #0xff	; 255
   00EF FF                  284 	.db #0xff	; 255
   00F0 FF                  285 	.db #0xff	; 255
   00F1 FF                  286 	.db #0xff	; 255
   00F2 FF                  287 	.db #0xff	; 255
   00F3 33                  288 	.db #0x33	; 51	'3'
   00F4 34                  289 	.db #0x34	; 52	'4'
   00F5 FF                  290 	.db #0xff	; 255
   00F6 FF                  291 	.db #0xff	; 255
   00F7 FF                  292 	.db #0xff	; 255
   00F8 FF                  293 	.db #0xff	; 255
   00F9 53                  294 	.db #0x53	; 83	'S'
   00FA 54                  295 	.db #0x54	; 84	'T'
   00FB FF                  296 	.db #0xff	; 255
   00FC FF                  297 	.db #0xff	; 255
   00FD FF                  298 	.db #0xff	; 255
   00FE FF                  299 	.db #0xff	; 255
   00FF 33                  300 	.db #0x33	; 51	'3'
   0100 34                  301 	.db #0x34	; 52	'4'
   0101 FF                  302 	.db #0xff	; 255
   0102 FF                  303 	.db #0xff	; 255
   0103 FF                  304 	.db #0xff	; 255
   0104 FF                  305 	.db #0xff	; 255
   0105 33                  306 	.db #0x33	; 51	'3'
   0106 34                  307 	.db #0x34	; 52	'4'
   0107 FF                  308 	.db #0xff	; 255
   0108 FF                  309 	.db #0xff	; 255
   0109 FF                  310 	.db #0xff	; 255
   010A FF                  311 	.db #0xff	; 255
   010B 33                  312 	.db #0x33	; 51	'3'
   010C 34                  313 	.db #0x34	; 52	'4'
   010D FF                  314 	.db #0xff	; 255
   010E FF                  315 	.db #0xff	; 255
   010F FF                  316 	.db #0xff	; 255
   0110 FF                  317 	.db #0xff	; 255
   0111 53                  318 	.db #0x53	; 83	'S'
   0112 54                  319 	.db #0x54	; 84	'T'
   0113 FF                  320 	.db #0xff	; 255
   0114 FF                  321 	.db #0xff	; 255
   0115 FF                  322 	.db #0xff	; 255
   0116 FF                  323 	.db #0xff	; 255
   0117 FF                  324 	.db #0xff	; 255
   0118 FF                  325 	.db #0xff	; 255
   0119 FF                  326 	.db #0xff	; 255
   011A FF                  327 	.db #0xff	; 255
   011B 43                  328 	.db #0x43	; 67	'C'
   011C 44                  329 	.db #0x44	; 68	'D'
   011D FF                  330 	.db #0xff	; 255
   011E FF                  331 	.db #0xff	; 255
   011F FF                  332 	.db #0xff	; 255
   0120 FF                  333 	.db #0xff	; 255
   0121 43                  334 	.db #0x43	; 67	'C'
   0122 44                  335 	.db #0x44	; 68	'D'
   0123 FF                  336 	.db #0xff	; 255
   0124 FF                  337 	.db #0xff	; 255
   0125 FF                  338 	.db #0xff	; 255
   0126 FF                  339 	.db #0xff	; 255
   0127 43                  340 	.db #0x43	; 67	'C'
   0128 44                  341 	.db #0x44	; 68	'D'
   0129 FF                  342 	.db #0xff	; 255
   012A FF                  343 	.db #0xff	; 255
   012B FF                  344 	.db #0xff	; 255
   012C FF                  345 	.db #0xff	; 255
   012D 43                  346 	.db #0x43	; 67	'C'
   012E 44                  347 	.db #0x44	; 68	'D'
   012F FF                  348 	.db #0xff	; 255
   0130 FF                  349 	.db #0xff	; 255
   0131 FF                  350 	.db #0xff	; 255
   0132 FF                  351 	.db #0xff	; 255
   0133 43                  352 	.db #0x43	; 67	'C'
   0134 44                  353 	.db #0x44	; 68	'D'
   0135 FF                  354 	.db #0xff	; 255
   0136 FF                  355 	.db #0xff	; 255
   0137 FF                  356 	.db #0xff	; 255
   0138 FF                  357 	.db #0xff	; 255
   0139 43                  358 	.db #0x43	; 67	'C'
   013A 44                  359 	.db #0x44	; 68	'D'
   013B FF                  360 	.db #0xff	; 255
   013C FF                  361 	.db #0xff	; 255
   013D FF                  362 	.db #0xff	; 255
   013E FF                  363 	.db #0xff	; 255
   013F FF                  364 	.db #0xff	; 255
   0140 FF                  365 	.db #0xff	; 255
   0141 FF                  366 	.db #0xff	; 255
   0142 FF                  367 	.db #0xff	; 255
   0143 53                  368 	.db #0x53	; 83	'S'
   0144 54                  369 	.db #0x54	; 84	'T'
   0145 FF                  370 	.db #0xff	; 255
   0146 FF                  371 	.db #0xff	; 255
   0147 FF                  372 	.db #0xff	; 255
   0148 FF                  373 	.db #0xff	; 255
   0149 53                  374 	.db #0x53	; 83	'S'
   014A 54                  375 	.db #0x54	; 84	'T'
   014B FF                  376 	.db #0xff	; 255
   014C FF                  377 	.db #0xff	; 255
   014D A0                  378 	.db #0xa0	; 160
   014E A1                  379 	.db #0xa1	; 161
   014F 53                  380 	.db #0x53	; 83	'S'
   0150 54                  381 	.db #0x54	; 84	'T'
   0151 FF                  382 	.db #0xff	; 255
   0152 FF                  383 	.db #0xff	; 255
   0153 FF                  384 	.db #0xff	; 255
   0154 FF                  385 	.db #0xff	; 255
   0155 53                  386 	.db #0x53	; 83	'S'
   0156 54                  387 	.db #0x54	; 84	'T'
   0157 FF                  388 	.db #0xff	; 255
   0158 FF                  389 	.db #0xff	; 255
   0159 FF                  390 	.db #0xff	; 255
   015A FF                  391 	.db #0xff	; 255
   015B 53                  392 	.db #0x53	; 83	'S'
   015C 54                  393 	.db #0x54	; 84	'T'
   015D FF                  394 	.db #0xff	; 255
   015E FF                  395 	.db #0xff	; 255
   015F FF                  396 	.db #0xff	; 255
   0160 FF                  397 	.db #0xff	; 255
   0161 53                  398 	.db #0x53	; 83	'S'
   0162 54                  399 	.db #0x54	; 84	'T'
   0163 FF                  400 	.db #0xff	; 255
   0164 FF                  401 	.db #0xff	; 255
   0165 FF                  402 	.db #0xff	; 255
   0166 FF                  403 	.db #0xff	; 255
   0167 FF                  404 	.db #0xff	; 255
   0168 FF                  405 	.db #0xff	; 255
   0169 FF                  406 	.db #0xff	; 255
   016A FF                  407 	.db #0xff	; 255
   016B 23                  408 	.db #0x23	; 35
   016C 24                  409 	.db #0x24	; 36
   016D FF                  410 	.db #0xff	; 255
   016E FF                  411 	.db #0xff	; 255
   016F FF                  412 	.db #0xff	; 255
   0170 FF                  413 	.db #0xff	; 255
   0171 43                  414 	.db #0x43	; 67	'C'
   0172 44                  415 	.db #0x44	; 68	'D'
   0173 FF                  416 	.db #0xff	; 255
   0174 FF                  417 	.db #0xff	; 255
   0175 B0                  418 	.db #0xb0	; 176
   0176 B1                  419 	.db #0xb1	; 177
   0177 23                  420 	.db #0x23	; 35
   0178 24                  421 	.db #0x24	; 36
   0179 FF                  422 	.db #0xff	; 255
   017A FF                  423 	.db #0xff	; 255
   017B FF                  424 	.db #0xff	; 255
   017C FF                  425 	.db #0xff	; 255
   017D 33                  426 	.db #0x33	; 51	'3'
   017E 34                  427 	.db #0x34	; 52	'4'
   017F FF                  428 	.db #0xff	; 255
   0180 FF                  429 	.db #0xff	; 255
   0181 FF                  430 	.db #0xff	; 255
   0182 FF                  431 	.db #0xff	; 255
   0183 23                  432 	.db #0x23	; 35
   0184 24                  433 	.db #0x24	; 36
   0185 FF                  434 	.db #0xff	; 255
   0186 FF                  435 	.db #0xff	; 255
   0187 FF                  436 	.db #0xff	; 255
   0188 FF                  437 	.db #0xff	; 255
   0189 43                  438 	.db #0x43	; 67	'C'
   018A 44                  439 	.db #0x44	; 68	'D'
   018B FF                  440 	.db #0xff	; 255
   018C FF                  441 	.db #0xff	; 255
   018D FF                  442 	.db #0xff	; 255
   018E FF                  443 	.db #0xff	; 255
   018F FF                  444 	.db #0xff	; 255
   0190 FF                  445 	.db #0xff	; 255
   0191 FF                  446 	.db #0xff	; 255
   0192 FF                  447 	.db #0xff	; 255
   0193 33                  448 	.db #0x33	; 51	'3'
   0194 34                  449 	.db #0x34	; 52	'4'
   0195 FF                  450 	.db #0xff	; 255
   0196 FF                  451 	.db #0xff	; 255
   0197 FF                  452 	.db #0xff	; 255
   0198 FF                  453 	.db #0xff	; 255
   0199 53                  454 	.db #0x53	; 83	'S'
   019A 54                  455 	.db #0x54	; 84	'T'
   019B FF                  456 	.db #0xff	; 255
   019C FF                  457 	.db #0xff	; 255
   019D FF                  458 	.db #0xff	; 255
   019E FF                  459 	.db #0xff	; 255
   019F 33                  460 	.db #0x33	; 51	'3'
   01A0 34                  461 	.db #0x34	; 52	'4'
   01A1 FF                  462 	.db #0xff	; 255
   01A2 FF                  463 	.db #0xff	; 255
   01A3 FF                  464 	.db #0xff	; 255
   01A4 FF                  465 	.db #0xff	; 255
   01A5 43                  466 	.db #0x43	; 67	'C'
   01A6 44                  467 	.db #0x44	; 68	'D'
   01A7 FF                  468 	.db #0xff	; 255
   01A8 FF                  469 	.db #0xff	; 255
   01A9 FF                  470 	.db #0xff	; 255
   01AA FF                  471 	.db #0xff	; 255
   01AB 33                  472 	.db #0x33	; 51	'3'
   01AC 34                  473 	.db #0x34	; 52	'4'
   01AD FF                  474 	.db #0xff	; 255
   01AE FF                  475 	.db #0xff	; 255
   01AF FF                  476 	.db #0xff	; 255
   01B0 FF                  477 	.db #0xff	; 255
   01B1 53                  478 	.db #0x53	; 83	'S'
   01B2 54                  479 	.db #0x54	; 84	'T'
   01B3 FF                  480 	.db #0xff	; 255
   01B4 FF                  481 	.db #0xff	; 255
   01B5 FF                  482 	.db #0xff	; 255
   01B6 FF                  483 	.db #0xff	; 255
   01B7 FF                  484 	.db #0xff	; 255
   01B8 FF                  485 	.db #0xff	; 255
   01B9 FF                  486 	.db #0xff	; 255
   01BA FF                  487 	.db #0xff	; 255
   01BB 43                  488 	.db #0x43	; 67	'C'
   01BC 44                  489 	.db #0x44	; 68	'D'
   01BD FF                  490 	.db #0xff	; 255
   01BE FF                  491 	.db #0xff	; 255
   01BF FF                  492 	.db #0xff	; 255
   01C0 FF                  493 	.db #0xff	; 255
   01C1 43                  494 	.db #0x43	; 67	'C'
   01C2 44                  495 	.db #0x44	; 68	'D'
   01C3 FF                  496 	.db #0xff	; 255
   01C4 FF                  497 	.db #0xff	; 255
   01C5 FF                  498 	.db #0xff	; 255
   01C6 FF                  499 	.db #0xff	; 255
   01C7 43                  500 	.db #0x43	; 67	'C'
   01C8 44                  501 	.db #0x44	; 68	'D'
   01C9 FF                  502 	.db #0xff	; 255
   01CA FF                  503 	.db #0xff	; 255
   01CB FF                  504 	.db #0xff	; 255
   01CC FF                  505 	.db #0xff	; 255
   01CD 13                  506 	.db #0x13	; 19
   01CE 14                  507 	.db #0x14	; 20
   01CF FF                  508 	.db #0xff	; 255
   01D0 FF                  509 	.db #0xff	; 255
   01D1 FF                  510 	.db #0xff	; 255
   01D2 FF                  511 	.db #0xff	; 255
   01D3 13                  512 	.db #0x13	; 19
   01D4 14                  513 	.db #0x14	; 20
   01D5 FF                  514 	.db #0xff	; 255
   01D6 FF                  515 	.db #0xff	; 255
   01D7 FF                  516 	.db #0xff	; 255
   01D8 FF                  517 	.db #0xff	; 255
   01D9 43                  518 	.db #0x43	; 67	'C'
   01DA 44                  519 	.db #0x44	; 68	'D'
   01DB FF                  520 	.db #0xff	; 255
   01DC FF                  521 	.db #0xff	; 255
   01DD FF                  522 	.db #0xff	; 255
   01DE FF                  523 	.db #0xff	; 255
   01DF FF                  524 	.db #0xff	; 255
   01E0 FF                  525 	.db #0xff	; 255
   01E1 FF                  526 	.db #0xff	; 255
   01E2 FF                  527 	.db #0xff	; 255
   01E3 53                  528 	.db #0x53	; 83	'S'
   01E4 54                  529 	.db #0x54	; 84	'T'
   01E5 FF                  530 	.db #0xff	; 255
   01E6 FF                  531 	.db #0xff	; 255
   01E7 FF                  532 	.db #0xff	; 255
   01E8 FF                  533 	.db #0xff	; 255
   01E9 53                  534 	.db #0x53	; 83	'S'
   01EA 54                  535 	.db #0x54	; 84	'T'
   01EB FF                  536 	.db #0xff	; 255
   01EC A0                  537 	.db #0xa0	; 160
   01ED A1                  538 	.db #0xa1	; 161
   01EE FF                  539 	.db #0xff	; 255
   01EF 53                  540 	.db #0x53	; 83	'S'
   01F0 54                  541 	.db #0x54	; 84	'T'
   01F1 A0                  542 	.db #0xa0	; 160
   01F2 A1                  543 	.db #0xa1	; 161
   01F3 FF                  544 	.db #0xff	; 255
   01F4 FF                  545 	.db #0xff	; 255
   01F5 23                  546 	.db #0x23	; 35
   01F6 24                  547 	.db #0x24	; 36
   01F7 FF                  548 	.db #0xff	; 255
   01F8 FF                  549 	.db #0xff	; 255
   01F9 FF                  550 	.db #0xff	; 255
   01FA FF                  551 	.db #0xff	; 255
   01FB 23                  552 	.db #0x23	; 35
   01FC 24                  553 	.db #0x24	; 36
   01FD FF                  554 	.db #0xff	; 255
   01FE FF                  555 	.db #0xff	; 255
   01FF FF                  556 	.db #0xff	; 255
   0200 FF                  557 	.db #0xff	; 255
   0201 53                  558 	.db #0x53	; 83	'S'
   0202 54                  559 	.db #0x54	; 84	'T'
   0203 FF                  560 	.db #0xff	; 255
   0204 FF                  561 	.db #0xff	; 255
   0205 FF                  562 	.db #0xff	; 255
   0206 FF                  563 	.db #0xff	; 255
   0207 FF                  564 	.db #0xff	; 255
   0208 FF                  565 	.db #0xff	; 255
   0209 FF                  566 	.db #0xff	; 255
   020A FF                  567 	.db #0xff	; 255
   020B 13                  568 	.db #0x13	; 19
   020C 14                  569 	.db #0x14	; 20
   020D FF                  570 	.db #0xff	; 255
   020E FF                  571 	.db #0xff	; 255
   020F FF                  572 	.db #0xff	; 255
   0210 FF                  573 	.db #0xff	; 255
   0211 43                  574 	.db #0x43	; 67	'C'
   0212 44                  575 	.db #0x44	; 68	'D'
   0213 FF                  576 	.db #0xff	; 255
   0214 B0                  577 	.db #0xb0	; 176
   0215 B1                  578 	.db #0xb1	; 177
   0216 FF                  579 	.db #0xff	; 255
   0217 13                  580 	.db #0x13	; 19
   0218 14                  581 	.db #0x14	; 20
   0219 B0                  582 	.db #0xb0	; 176
   021A B1                  583 	.db #0xb1	; 177
   021B FF                  584 	.db #0xff	; 255
   021C FF                  585 	.db #0xff	; 255
   021D 33                  586 	.db #0x33	; 51	'3'
   021E 34                  587 	.db #0x34	; 52	'4'
   021F FF                  588 	.db #0xff	; 255
   0220 FF                  589 	.db #0xff	; 255
   0221 FF                  590 	.db #0xff	; 255
   0222 FF                  591 	.db #0xff	; 255
   0223 33                  592 	.db #0x33	; 51	'3'
   0224 34                  593 	.db #0x34	; 52	'4'
   0225 FF                  594 	.db #0xff	; 255
   0226 FF                  595 	.db #0xff	; 255
   0227 FF                  596 	.db #0xff	; 255
   0228 FF                  597 	.db #0xff	; 255
   0229 43                  598 	.db #0x43	; 67	'C'
   022A 44                  599 	.db #0x44	; 68	'D'
   022B FF                  600 	.db #0xff	; 255
   022C FF                  601 	.db #0xff	; 255
   022D FF                  602 	.db #0xff	; 255
   022E FF                  603 	.db #0xff	; 255
   022F FF                  604 	.db #0xff	; 255
   0230 FF                  605 	.db #0xff	; 255
   0231 FF                  606 	.db #0xff	; 255
   0232 FF                  607 	.db #0xff	; 255
   0233 23                  608 	.db #0x23	; 35
   0234 24                  609 	.db #0x24	; 36
   0235 FF                  610 	.db #0xff	; 255
   0236 FF                  611 	.db #0xff	; 255
   0237 FF                  612 	.db #0xff	; 255
   0238 FF                  613 	.db #0xff	; 255
   0239 53                  614 	.db #0x53	; 83	'S'
   023A 54                  615 	.db #0x54	; 84	'T'
   023B FF                  616 	.db #0xff	; 255
   023C FF                  617 	.db #0xff	; 255
   023D FF                  618 	.db #0xff	; 255
   023E FF                  619 	.db #0xff	; 255
   023F 23                  620 	.db #0x23	; 35
   0240 24                  621 	.db #0x24	; 36
   0241 FF                  622 	.db #0xff	; 255
   0242 FF                  623 	.db #0xff	; 255
   0243 A0                  624 	.db #0xa0	; 160
   0244 A1                  625 	.db #0xa1	; 161
   0245 43                  626 	.db #0x43	; 67	'C'
   0246 44                  627 	.db #0x44	; 68	'D'
   0247 FF                  628 	.db #0xff	; 255
   0248 FF                  629 	.db #0xff	; 255
   0249 FF                  630 	.db #0xff	; 255
   024A FF                  631 	.db #0xff	; 255
   024B 43                  632 	.db #0x43	; 67	'C'
   024C 44                  633 	.db #0x44	; 68	'D'
   024D FF                  634 	.db #0xff	; 255
   024E FF                  635 	.db #0xff	; 255
   024F FF                  636 	.db #0xff	; 255
   0250 FF                  637 	.db #0xff	; 255
   0251 53                  638 	.db #0x53	; 83	'S'
   0252 54                  639 	.db #0x54	; 84	'T'
   0253 FF                  640 	.db #0xff	; 255
   0254 FF                  641 	.db #0xff	; 255
   0255 FF                  642 	.db #0xff	; 255
   0256 FF                  643 	.db #0xff	; 255
   0257 FF                  644 	.db #0xff	; 255
   0258 FF                  645 	.db #0xff	; 255
   0259 FF                  646 	.db #0xff	; 255
   025A FF                  647 	.db #0xff	; 255
   025B 33                  648 	.db #0x33	; 51	'3'
   025C 34                  649 	.db #0x34	; 52	'4'
   025D FF                  650 	.db #0xff	; 255
   025E FF                  651 	.db #0xff	; 255
   025F FF                  652 	.db #0xff	; 255
   0260 FF                  653 	.db #0xff	; 255
   0261 43                  654 	.db #0x43	; 67	'C'
   0262 44                  655 	.db #0x44	; 68	'D'
   0263 FF                  656 	.db #0xff	; 255
   0264 FF                  657 	.db #0xff	; 255
   0265 FF                  658 	.db #0xff	; 255
   0266 FF                  659 	.db #0xff	; 255
   0267 33                  660 	.db #0x33	; 51	'3'
   0268 34                  661 	.db #0x34	; 52	'4'
   0269 FF                  662 	.db #0xff	; 255
   026A FF                  663 	.db #0xff	; 255
   026B B0                  664 	.db #0xb0	; 176
   026C B1                  665 	.db #0xb1	; 177
   026D 53                  666 	.db #0x53	; 83	'S'
   026E 54                  667 	.db #0x54	; 84	'T'
   026F FF                  668 	.db #0xff	; 255
   0270 FF                  669 	.db #0xff	; 255
   0271 FF                  670 	.db #0xff	; 255
   0272 FF                  671 	.db #0xff	; 255
   0273 53                  672 	.db #0x53	; 83	'S'
   0274 54                  673 	.db #0x54	; 84	'T'
   0275 FF                  674 	.db #0xff	; 255
   0276 FF                  675 	.db #0xff	; 255
   0277 FF                  676 	.db #0xff	; 255
   0278 FF                  677 	.db #0xff	; 255
   0279 43                  678 	.db #0x43	; 67	'C'
   027A 44                  679 	.db #0x44	; 68	'D'
   027B FF                  680 	.db #0xff	; 255
   027C FF                  681 	.db #0xff	; 255
   027D FF                  682 	.db #0xff	; 255
   027E FF                  683 	.db #0xff	; 255
   027F FF                  684 	.db #0xff	; 255
   0280 FF                  685 	.db #0xff	; 255
   0281 FF                  686 	.db #0xff	; 255
   0282 FF                  687 	.db #0xff	; 255
   0283 43                  688 	.db #0x43	; 67	'C'
   0284 44                  689 	.db #0x44	; 68	'D'
   0285 FF                  690 	.db #0xff	; 255
   0286 FF                  691 	.db #0xff	; 255
   0287 FF                  692 	.db #0xff	; 255
   0288 FF                  693 	.db #0xff	; 255
   0289 53                  694 	.db #0x53	; 83	'S'
   028A 54                  695 	.db #0x54	; 84	'T'
   028B FF                  696 	.db #0xff	; 255
   028C FF                  697 	.db #0xff	; 255
   028D FF                  698 	.db #0xff	; 255
   028E FF                  699 	.db #0xff	; 255
   028F 43                  700 	.db #0x43	; 67	'C'
   0290 44                  701 	.db #0x44	; 68	'D'
   0291 FF                  702 	.db #0xff	; 255
   0292 FF                  703 	.db #0xff	; 255
   0293 FF                  704 	.db #0xff	; 255
   0294 FF                  705 	.db #0xff	; 255
   0295 13                  706 	.db #0x13	; 19
   0296 14                  707 	.db #0x14	; 20
   0297 FF                  708 	.db #0xff	; 255
   0298 FF                  709 	.db #0xff	; 255
   0299 FF                  710 	.db #0xff	; 255
   029A FF                  711 	.db #0xff	; 255
   029B 53                  712 	.db #0x53	; 83	'S'
   029C 54                  713 	.db #0x54	; 84	'T'
   029D FF                  714 	.db #0xff	; 255
   029E FF                  715 	.db #0xff	; 255
   029F FF                  716 	.db #0xff	; 255
   02A0 FF                  717 	.db #0xff	; 255
   02A1 53                  718 	.db #0x53	; 83	'S'
   02A2 54                  719 	.db #0x54	; 84	'T'
   02A3 FF                  720 	.db #0xff	; 255
   02A4 FF                  721 	.db #0xff	; 255
   02A5 FF                  722 	.db #0xff	; 255
   02A6 FF                  723 	.db #0xff	; 255
   02A7 FF                  724 	.db #0xff	; 255
   02A8 FF                  725 	.db #0xff	; 255
   02A9 FF                  726 	.db #0xff	; 255
   02AA FF                  727 	.db #0xff	; 255
   02AB 53                  728 	.db #0x53	; 83	'S'
   02AC 54                  729 	.db #0x54	; 84	'T'
   02AD FF                  730 	.db #0xff	; 255
   02AE FF                  731 	.db #0xff	; 255
   02AF FF                  732 	.db #0xff	; 255
   02B0 FF                  733 	.db #0xff	; 255
   02B1 43                  734 	.db #0x43	; 67	'C'
   02B2 44                  735 	.db #0x44	; 68	'D'
   02B3 FF                  736 	.db #0xff	; 255
   02B4 FF                  737 	.db #0xff	; 255
   02B5 FF                  738 	.db #0xff	; 255
   02B6 FF                  739 	.db #0xff	; 255
   02B7 53                  740 	.db #0x53	; 83	'S'
   02B8 54                  741 	.db #0x54	; 84	'T'
   02B9 FF                  742 	.db #0xff	; 255
   02BA FF                  743 	.db #0xff	; 255
   02BB FF                  744 	.db #0xff	; 255
   02BC FF                  745 	.db #0xff	; 255
   02BD 23                  746 	.db #0x23	; 35
   02BE 24                  747 	.db #0x24	; 36
   02BF FF                  748 	.db #0xff	; 255
   02C0 FF                  749 	.db #0xff	; 255
   02C1 FF                  750 	.db #0xff	; 255
   02C2 FF                  751 	.db #0xff	; 255
   02C3 23                  752 	.db #0x23	; 35
   02C4 24                  753 	.db #0x24	; 36
   02C5 FF                  754 	.db #0xff	; 255
   02C6 FF                  755 	.db #0xff	; 255
   02C7 FF                  756 	.db #0xff	; 255
   02C8 FF                  757 	.db #0xff	; 255
   02C9 43                  758 	.db #0x43	; 67	'C'
   02CA 44                  759 	.db #0x44	; 68	'D'
   02CB FF                  760 	.db #0xff	; 255
   02CC FF                  761 	.db #0xff	; 255
   02CD FF                  762 	.db #0xff	; 255
   02CE 86                  763 	.db #0x86	; 134
   02CF 87                  764 	.db #0x87	; 135
   02D0 FF                  765 	.db #0xff	; 255
   02D1 FF                  766 	.db #0xff	; 255
   02D2 FF                  767 	.db #0xff	; 255
   02D3 53                  768 	.db #0x53	; 83	'S'
   02D4 54                  769 	.db #0x54	; 84	'T'
   02D5 FF                  770 	.db #0xff	; 255
   02D6 FF                  771 	.db #0xff	; 255
   02D7 FF                  772 	.db #0xff	; 255
   02D8 FF                  773 	.db #0xff	; 255
   02D9 53                  774 	.db #0x53	; 83	'S'
   02DA 54                  775 	.db #0x54	; 84	'T'
   02DB FF                  776 	.db #0xff	; 255
   02DC FF                  777 	.db #0xff	; 255
   02DD FF                  778 	.db #0xff	; 255
   02DE FF                  779 	.db #0xff	; 255
   02DF 33                  780 	.db #0x33	; 51	'3'
   02E0 34                  781 	.db #0x34	; 52	'4'
   02E1 FF                  782 	.db #0xff	; 255
   02E2 FF                  783 	.db #0xff	; 255
   02E3 FF                  784 	.db #0xff	; 255
   02E4 FF                  785 	.db #0xff	; 255
   02E5 33                  786 	.db #0x33	; 51	'3'
   02E6 34                  787 	.db #0x34	; 52	'4'
   02E7 FF                  788 	.db #0xff	; 255
   02E8 FF                  789 	.db #0xff	; 255
   02E9 FF                  790 	.db #0xff	; 255
   02EA FF                  791 	.db #0xff	; 255
   02EB 33                  792 	.db #0x33	; 51	'3'
   02EC 34                  793 	.db #0x34	; 52	'4'
   02ED FF                  794 	.db #0xff	; 255
   02EE FF                  795 	.db #0xff	; 255
   02EF FF                  796 	.db #0xff	; 255
   02F0 FF                  797 	.db #0xff	; 255
   02F1 53                  798 	.db #0x53	; 83	'S'
   02F2 54                  799 	.db #0x54	; 84	'T'
   02F3 FF                  800 	.db #0xff	; 255
   02F4 FF                  801 	.db #0xff	; 255
   02F5 FF                  802 	.db #0xff	; 255
   02F6 96                  803 	.db #0x96	; 150
   02F7 97                  804 	.db #0x97	; 151
   02F8 FF                  805 	.db #0xff	; 255
   02F9 FF                  806 	.db #0xff	; 255
   02FA FF                  807 	.db #0xff	; 255
   02FB 23                  808 	.db #0x23	; 35
   02FC 24                  809 	.db #0x24	; 36
   02FD FF                  810 	.db #0xff	; 255
   02FE FF                  811 	.db #0xff	; 255
   02FF FF                  812 	.db #0xff	; 255
   0300 FF                  813 	.db #0xff	; 255
   0301 43                  814 	.db #0x43	; 67	'C'
   0302 44                  815 	.db #0x44	; 68	'D'
   0303 FF                  816 	.db #0xff	; 255
   0304 FF                  817 	.db #0xff	; 255
   0305 FF                  818 	.db #0xff	; 255
   0306 FF                  819 	.db #0xff	; 255
   0307 43                  820 	.db #0x43	; 67	'C'
   0308 44                  821 	.db #0x44	; 68	'D'
   0309 FF                  822 	.db #0xff	; 255
   030A FF                  823 	.db #0xff	; 255
   030B FF                  824 	.db #0xff	; 255
   030C FF                  825 	.db #0xff	; 255
   030D 43                  826 	.db #0x43	; 67	'C'
   030E 44                  827 	.db #0x44	; 68	'D'
   030F FF                  828 	.db #0xff	; 255
   0310 FF                  829 	.db #0xff	; 255
   0311 FF                  830 	.db #0xff	; 255
   0312 FF                  831 	.db #0xff	; 255
   0313 43                  832 	.db #0x43	; 67	'C'
   0314 44                  833 	.db #0x44	; 68	'D'
   0315 FF                  834 	.db #0xff	; 255
   0316 FF                  835 	.db #0xff	; 255
   0317 FF                  836 	.db #0xff	; 255
   0318 FF                  837 	.db #0xff	; 255
   0319 43                  838 	.db #0x43	; 67	'C'
   031A 44                  839 	.db #0x44	; 68	'D'
   031B FF                  840 	.db #0xff	; 255
   031C FF                  841 	.db #0xff	; 255
   031D FF                  842 	.db #0xff	; 255
   031E 96                  843 	.db #0x96	; 150
   031F 97                  844 	.db #0x97	; 151
   0320 FF                  845 	.db #0xff	; 255
   0321 FF                  846 	.db #0xff	; 255
   0322 FF                  847 	.db #0xff	; 255
   0323 33                  848 	.db #0x33	; 51	'3'
   0324 34                  849 	.db #0x34	; 52	'4'
   0325 FF                  850 	.db #0xff	; 255
   0326 FF                  851 	.db #0xff	; 255
   0327 FF                  852 	.db #0xff	; 255
   0328 FF                  853 	.db #0xff	; 255
   0329 53                  854 	.db #0x53	; 83	'S'
   032A 54                  855 	.db #0x54	; 84	'T'
   032B FF                  856 	.db #0xff	; 255
   032C FF                  857 	.db #0xff	; 255
   032D FF                  858 	.db #0xff	; 255
   032E FF                  859 	.db #0xff	; 255
   032F 53                  860 	.db #0x53	; 83	'S'
   0330 54                  861 	.db #0x54	; 84	'T'
   0331 FF                  862 	.db #0xff	; 255
   0332 FF                  863 	.db #0xff	; 255
   0333 FF                  864 	.db #0xff	; 255
   0334 FF                  865 	.db #0xff	; 255
   0335 53                  866 	.db #0x53	; 83	'S'
   0336 54                  867 	.db #0x54	; 84	'T'
   0337 FF                  868 	.db #0xff	; 255
   0338 FF                  869 	.db #0xff	; 255
   0339 FF                  870 	.db #0xff	; 255
   033A FF                  871 	.db #0xff	; 255
   033B 53                  872 	.db #0x53	; 83	'S'
   033C 54                  873 	.db #0x54	; 84	'T'
   033D FF                  874 	.db #0xff	; 255
   033E FF                  875 	.db #0xff	; 255
   033F FF                  876 	.db #0xff	; 255
   0340 FF                  877 	.db #0xff	; 255
   0341 53                  878 	.db #0x53	; 83	'S'
   0342 54                  879 	.db #0x54	; 84	'T'
   0343 FF                  880 	.db #0xff	; 255
   0344 FF                  881 	.db #0xff	; 255
   0345 FF                  882 	.db #0xff	; 255
   0346 96                  883 	.db #0x96	; 150
   0347 97                  884 	.db #0x97	; 151
   0348 FF                  885 	.db #0xff	; 255
   0349 FF                  886 	.db #0xff	; 255
   034A FF                  887 	.db #0xff	; 255
   034B 43                  888 	.db #0x43	; 67	'C'
   034C 44                  889 	.db #0x44	; 68	'D'
   034D FF                  890 	.db #0xff	; 255
   034E FF                  891 	.db #0xff	; 255
   034F FF                  892 	.db #0xff	; 255
   0350 FF                  893 	.db #0xff	; 255
   0351 43                  894 	.db #0x43	; 67	'C'
   0352 44                  895 	.db #0x44	; 68	'D'
   0353 FF                  896 	.db #0xff	; 255
   0354 A8                  897 	.db #0xa8	; 168
   0355 A9                  898 	.db #0xa9	; 169
   0356 FF                  899 	.db #0xff	; 255
   0357 23                  900 	.db #0x23	; 35
   0358 24                  901 	.db #0x24	; 36
   0359 FF                  902 	.db #0xff	; 255
   035A FF                  903 	.db #0xff	; 255
   035B FF                  904 	.db #0xff	; 255
   035C FF                  905 	.db #0xff	; 255
   035D 43                  906 	.db #0x43	; 67	'C'
   035E 44                  907 	.db #0x44	; 68	'D'
   035F FF                  908 	.db #0xff	; 255
   0360 FF                  909 	.db #0xff	; 255
   0361 FF                  910 	.db #0xff	; 255
   0362 FF                  911 	.db #0xff	; 255
   0363 23                  912 	.db #0x23	; 35
   0364 24                  913 	.db #0x24	; 36
   0365 FF                  914 	.db #0xff	; 255
   0366 A8                  915 	.db #0xa8	; 168
   0367 A9                  916 	.db #0xa9	; 169
   0368 FF                  917 	.db #0xff	; 255
   0369 43                  918 	.db #0x43	; 67	'C'
   036A 44                  919 	.db #0x44	; 68	'D'
   036B FF                  920 	.db #0xff	; 255
   036C FF                  921 	.db #0xff	; 255
   036D FF                  922 	.db #0xff	; 255
   036E A6                  923 	.db #0xa6	; 166
   036F A7                  924 	.db #0xa7	; 167
   0370 FF                  925 	.db #0xff	; 255
   0371 FF                  926 	.db #0xff	; 255
   0372 FF                  927 	.db #0xff	; 255
   0373 53                  928 	.db #0x53	; 83	'S'
   0374 54                  929 	.db #0x54	; 84	'T'
   0375 FF                  930 	.db #0xff	; 255
   0376 FF                  931 	.db #0xff	; 255
   0377 FF                  932 	.db #0xff	; 255
   0378 FF                  933 	.db #0xff	; 255
   0379 53                  934 	.db #0x53	; 83	'S'
   037A 54                  935 	.db #0x54	; 84	'T'
   037B FF                  936 	.db #0xff	; 255
   037C B8                  937 	.db #0xb8	; 184
   037D B9                  938 	.db #0xb9	; 185
   037E FF                  939 	.db #0xff	; 255
   037F 33                  940 	.db #0x33	; 51	'3'
   0380 34                  941 	.db #0x34	; 52	'4'
   0381 FF                  942 	.db #0xff	; 255
   0382 FF                  943 	.db #0xff	; 255
   0383 FF                  944 	.db #0xff	; 255
   0384 FF                  945 	.db #0xff	; 255
   0385 53                  946 	.db #0x53	; 83	'S'
   0386 54                  947 	.db #0x54	; 84	'T'
   0387 FF                  948 	.db #0xff	; 255
   0388 FF                  949 	.db #0xff	; 255
   0389 FF                  950 	.db #0xff	; 255
   038A FF                  951 	.db #0xff	; 255
   038B 33                  952 	.db #0x33	; 51	'3'
   038C 34                  953 	.db #0x34	; 52	'4'
   038D FF                  954 	.db #0xff	; 255
   038E B8                  955 	.db #0xb8	; 184
   038F B9                  956 	.db #0xb9	; 185
   0390 FF                  957 	.db #0xff	; 255
   0391 53                  958 	.db #0x53	; 83	'S'
   0392 54                  959 	.db #0x54	; 84	'T'
   0393 FF                  960 	.db #0xff	; 255
   0394 FF                  961 	.db #0xff	; 255
   0395 FF                  962 	.db #0xff	; 255
   0396 B6                  963 	.db #0xb6	; 182
   0397 B7                  964 	.db #0xb7	; 183
   0398 FF                  965 	.db #0xff	; 255
   0399 00                  966 	.db #0x00	; 0
   039A 00                  967 	.db #0x00	; 0
   039B 00                  968 	.db #0x00	; 0
   039C 00                  969 	.db #0x00	; 0
   039D 00                  970 	.db #0x00	; 0
   039E 00                  971 	.db #0x00	; 0
   039F 00                  972 	.db #0x00	; 0
   03A0 00                  973 	.db #0x00	; 0
   03A1 00                  974 	.db #0x00	; 0
   03A2 00                  975 	.db #0x00	; 0
   03A3 00                  976 	.db #0x00	; 0
   03A4 00                  977 	.db #0x00	; 0
   03A5 00                  978 	.db #0x00	; 0
   03A6 00                  979 	.db #0x00	; 0
   03A7 00                  980 	.db #0x00	; 0
   03A8 00                  981 	.db #0x00	; 0
   03A9 00                  982 	.db #0x00	; 0
   03AA 00                  983 	.db #0x00	; 0
   03AB 00                  984 	.db #0x00	; 0
   03AC 00                  985 	.db #0x00	; 0
   03AD 00                  986 	.db #0x00	; 0
   03AE 00                  987 	.db #0x00	; 0
   03AF 00                  988 	.db #0x00	; 0
   03B0 00                  989 	.db #0x00	; 0
   03B1 00                  990 	.db #0x00	; 0
   03B2 00                  991 	.db #0x00	; 0
   03B3 00                  992 	.db #0x00	; 0
   03B4 00                  993 	.db #0x00	; 0
   03B5 00                  994 	.db #0x00	; 0
   03B6 00                  995 	.db #0x00	; 0
   03B7 00                  996 	.db #0x00	; 0
   03B8 00                  997 	.db #0x00	; 0
   03B9 00                  998 	.db #0x00	; 0
   03BA 00                  999 	.db #0x00	; 0
   03BB 00                 1000 	.db #0x00	; 0
   03BC 00                 1001 	.db #0x00	; 0
   03BD 00                 1002 	.db #0x00	; 0
   03BE 00                 1003 	.db #0x00	; 0
   03BF 00                 1004 	.db #0x00	; 0
   03C0 FF                 1005 	.db #0xff	; 255
   03C1 FF                 1006 	.db #0xff	; 255
   03C2 FF                 1007 	.db #0xff	; 255
   03C3 13                 1008 	.db #0x13	; 19
   03C4 14                 1009 	.db #0x14	; 20
   03C5 FF                 1010 	.db #0xff	; 255
   03C6 FF                 1011 	.db #0xff	; 255
   03C7 FF                 1012 	.db #0xff	; 255
   03C8 FF                 1013 	.db #0xff	; 255
   03C9 13                 1014 	.db #0x13	; 19
   03CA 14                 1015 	.db #0x14	; 20
   03CB FF                 1016 	.db #0xff	; 255
   03CC FF                 1017 	.db #0xff	; 255
   03CD FF                 1018 	.db #0xff	; 255
   03CE FF                 1019 	.db #0xff	; 255
   03CF 53                 1020 	.db #0x53	; 83	'S'
   03D0 54                 1021 	.db #0x54	; 84	'T'
   03D1 FF                 1022 	.db #0xff	; 255
   03D2 FF                 1023 	.db #0xff	; 255
   03D3 FF                 1024 	.db #0xff	; 255
   03D4 FF                 1025 	.db #0xff	; 255
   03D5 13                 1026 	.db #0x13	; 19
   03D6 14                 1027 	.db #0x14	; 20
   03D7 FF                 1028 	.db #0xff	; 255
   03D8 FF                 1029 	.db #0xff	; 255
   03D9 FF                 1030 	.db #0xff	; 255
   03DA FF                 1031 	.db #0xff	; 255
   03DB 53                 1032 	.db #0x53	; 83	'S'
   03DC 54                 1033 	.db #0x54	; 84	'T'
   03DD FF                 1034 	.db #0xff	; 255
   03DE FF                 1035 	.db #0xff	; 255
   03DF FF                 1036 	.db #0xff	; 255
   03E0 FF                 1037 	.db #0xff	; 255
   03E1 13                 1038 	.db #0x13	; 19
   03E2 14                 1039 	.db #0x14	; 20
   03E3 FF                 1040 	.db #0xff	; 255
   03E4 FF                 1041 	.db #0xff	; 255
   03E5 FF                 1042 	.db #0xff	; 255
   03E6 FF                 1043 	.db #0xff	; 255
   03E7 FF                 1044 	.db #0xff	; 255
   03E8 FF                 1045 	.db #0xff	; 255
   03E9 FF                 1046 	.db #0xff	; 255
   03EA FF                 1047 	.db #0xff	; 255
   03EB 23                 1048 	.db #0x23	; 35
   03EC 24                 1049 	.db #0x24	; 36
   03ED FF                 1050 	.db #0xff	; 255
   03EE FF                 1051 	.db #0xff	; 255
   03EF FF                 1052 	.db #0xff	; 255
   03F0 FF                 1053 	.db #0xff	; 255
   03F1 23                 1054 	.db #0x23	; 35
   03F2 24                 1055 	.db #0x24	; 36
   03F3 FF                 1056 	.db #0xff	; 255
   03F4 FF                 1057 	.db #0xff	; 255
   03F5 FF                 1058 	.db #0xff	; 255
   03F6 FF                 1059 	.db #0xff	; 255
   03F7 23                 1060 	.db #0x23	; 35
   03F8 24                 1061 	.db #0x24	; 36
   03F9 FF                 1062 	.db #0xff	; 255
   03FA FF                 1063 	.db #0xff	; 255
   03FB FF                 1064 	.db #0xff	; 255
   03FC FF                 1065 	.db #0xff	; 255
   03FD 23                 1066 	.db #0x23	; 35
   03FE 24                 1067 	.db #0x24	; 36
   03FF FF                 1068 	.db #0xff	; 255
   0400 FF                 1069 	.db #0xff	; 255
   0401 FF                 1070 	.db #0xff	; 255
   0402 FF                 1071 	.db #0xff	; 255
   0403 23                 1072 	.db #0x23	; 35
   0404 24                 1073 	.db #0x24	; 36
   0405 FF                 1074 	.db #0xff	; 255
   0406 FF                 1075 	.db #0xff	; 255
   0407 FF                 1076 	.db #0xff	; 255
   0408 FF                 1077 	.db #0xff	; 255
   0409 23                 1078 	.db #0x23	; 35
   040A 24                 1079 	.db #0x24	; 36
   040B FF                 1080 	.db #0xff	; 255
   040C FF                 1081 	.db #0xff	; 255
   040D FF                 1082 	.db #0xff	; 255
   040E FF                 1083 	.db #0xff	; 255
   040F FF                 1084 	.db #0xff	; 255
   0410 FF                 1085 	.db #0xff	; 255
   0411 FF                 1086 	.db #0xff	; 255
   0412 FF                 1087 	.db #0xff	; 255
   0413 13                 1088 	.db #0x13	; 19
   0414 14                 1089 	.db #0x14	; 20
   0415 FF                 1090 	.db #0xff	; 255
   0416 FF                 1091 	.db #0xff	; 255
   0417 FF                 1092 	.db #0xff	; 255
   0418 FF                 1093 	.db #0xff	; 255
   0419 13                 1094 	.db #0x13	; 19
   041A 14                 1095 	.db #0x14	; 20
   041B FF                 1096 	.db #0xff	; 255
   041C FF                 1097 	.db #0xff	; 255
   041D FF                 1098 	.db #0xff	; 255
   041E FF                 1099 	.db #0xff	; 255
   041F 13                 1100 	.db #0x13	; 19
   0420 14                 1101 	.db #0x14	; 20
   0421 FF                 1102 	.db #0xff	; 255
   0422 FF                 1103 	.db #0xff	; 255
   0423 FF                 1104 	.db #0xff	; 255
   0424 FF                 1105 	.db #0xff	; 255
   0425 13                 1106 	.db #0x13	; 19
   0426 14                 1107 	.db #0x14	; 20
   0427 FF                 1108 	.db #0xff	; 255
   0428 FF                 1109 	.db #0xff	; 255
   0429 FF                 1110 	.db #0xff	; 255
   042A FF                 1111 	.db #0xff	; 255
   042B 13                 1112 	.db #0x13	; 19
   042C 14                 1113 	.db #0x14	; 20
   042D FF                 1114 	.db #0xff	; 255
   042E FF                 1115 	.db #0xff	; 255
   042F FF                 1116 	.db #0xff	; 255
   0430 FF                 1117 	.db #0xff	; 255
   0431 33                 1118 	.db #0x33	; 51	'3'
   0432 34                 1119 	.db #0x34	; 52	'4'
   0433 FF                 1120 	.db #0xff	; 255
   0434 FF                 1121 	.db #0xff	; 255
   0435 FF                 1122 	.db #0xff	; 255
   0436 FF                 1123 	.db #0xff	; 255
   0437 FF                 1124 	.db #0xff	; 255
   0438 FF                 1125 	.db #0xff	; 255
   0439 FF                 1126 	.db #0xff	; 255
   043A FF                 1127 	.db #0xff	; 255
   043B 23                 1128 	.db #0x23	; 35
   043C 24                 1129 	.db #0x24	; 36
   043D FF                 1130 	.db #0xff	; 255
   043E FF                 1131 	.db #0xff	; 255
   043F FF                 1132 	.db #0xff	; 255
   0440 FF                 1133 	.db #0xff	; 255
   0441 23                 1134 	.db #0x23	; 35
   0442 24                 1135 	.db #0x24	; 36
   0443 FF                 1136 	.db #0xff	; 255
   0444 FF                 1137 	.db #0xff	; 255
   0445 FF                 1138 	.db #0xff	; 255
   0446 FF                 1139 	.db #0xff	; 255
   0447 23                 1140 	.db #0x23	; 35
   0448 24                 1141 	.db #0x24	; 36
   0449 FF                 1142 	.db #0xff	; 255
   044A FF                 1143 	.db #0xff	; 255
   044B FF                 1144 	.db #0xff	; 255
   044C FF                 1145 	.db #0xff	; 255
   044D 23                 1146 	.db #0x23	; 35
   044E 24                 1147 	.db #0x24	; 36
   044F FF                 1148 	.db #0xff	; 255
   0450 FF                 1149 	.db #0xff	; 255
   0451 FF                 1150 	.db #0xff	; 255
   0452 FF                 1151 	.db #0xff	; 255
   0453 23                 1152 	.db #0x23	; 35
   0454 24                 1153 	.db #0x24	; 36
   0455 FF                 1154 	.db #0xff	; 255
   0456 FF                 1155 	.db #0xff	; 255
   0457 FF                 1156 	.db #0xff	; 255
   0458 FF                 1157 	.db #0xff	; 255
   0459 43                 1158 	.db #0x43	; 67	'C'
   045A 44                 1159 	.db #0x44	; 68	'D'
   045B FF                 1160 	.db #0xff	; 255
   045C FF                 1161 	.db #0xff	; 255
   045D FF                 1162 	.db #0xff	; 255
   045E FF                 1163 	.db #0xff	; 255
   045F FF                 1164 	.db #0xff	; 255
   0460 FF                 1165 	.db #0xff	; 255
   0461 FF                 1166 	.db #0xff	; 255
   0462 FF                 1167 	.db #0xff	; 255
   0463 33                 1168 	.db #0x33	; 51	'3'
   0464 34                 1169 	.db #0x34	; 52	'4'
   0465 FF                 1170 	.db #0xff	; 255
   0466 FF                 1171 	.db #0xff	; 255
   0467 FF                 1172 	.db #0xff	; 255
   0468 FF                 1173 	.db #0xff	; 255
   0469 33                 1174 	.db #0x33	; 51	'3'
   046A 34                 1175 	.db #0x34	; 52	'4'
   046B FF                 1176 	.db #0xff	; 255
   046C FF                 1177 	.db #0xff	; 255
   046D FF                 1178 	.db #0xff	; 255
   046E FF                 1179 	.db #0xff	; 255
   046F 33                 1180 	.db #0x33	; 51	'3'
   0470 34                 1181 	.db #0x34	; 52	'4'
   0471 FF                 1182 	.db #0xff	; 255
   0472 FF                 1183 	.db #0xff	; 255
   0473 FF                 1184 	.db #0xff	; 255
   0474 FF                 1185 	.db #0xff	; 255
   0475 33                 1186 	.db #0x33	; 51	'3'
   0476 34                 1187 	.db #0x34	; 52	'4'
   0477 FF                 1188 	.db #0xff	; 255
   0478 FF                 1189 	.db #0xff	; 255
   0479 FF                 1190 	.db #0xff	; 255
   047A FF                 1191 	.db #0xff	; 255
   047B 33                 1192 	.db #0x33	; 51	'3'
   047C 34                 1193 	.db #0x34	; 52	'4'
   047D FF                 1194 	.db #0xff	; 255
   047E FF                 1195 	.db #0xff	; 255
   047F FF                 1196 	.db #0xff	; 255
   0480 FF                 1197 	.db #0xff	; 255
   0481 53                 1198 	.db #0x53	; 83	'S'
   0482 54                 1199 	.db #0x54	; 84	'T'
   0483 FF                 1200 	.db #0xff	; 255
   0484 FF                 1201 	.db #0xff	; 255
   0485 FF                 1202 	.db #0xff	; 255
   0486 FF                 1203 	.db #0xff	; 255
   0487 FF                 1204 	.db #0xff	; 255
   0488 FF                 1205 	.db #0xff	; 255
   0489 FF                 1206 	.db #0xff	; 255
   048A FF                 1207 	.db #0xff	; 255
   048B 43                 1208 	.db #0x43	; 67	'C'
   048C 44                 1209 	.db #0x44	; 68	'D'
   048D FF                 1210 	.db #0xff	; 255
   048E FF                 1211 	.db #0xff	; 255
   048F FF                 1212 	.db #0xff	; 255
   0490 FF                 1213 	.db #0xff	; 255
   0491 43                 1214 	.db #0x43	; 67	'C'
   0492 44                 1215 	.db #0x44	; 68	'D'
   0493 FF                 1216 	.db #0xff	; 255
   0494 FF                 1217 	.db #0xff	; 255
   0495 FF                 1218 	.db #0xff	; 255
   0496 FF                 1219 	.db #0xff	; 255
   0497 43                 1220 	.db #0x43	; 67	'C'
   0498 44                 1221 	.db #0x44	; 68	'D'
   0499 FF                 1222 	.db #0xff	; 255
   049A FF                 1223 	.db #0xff	; 255
   049B FF                 1224 	.db #0xff	; 255
   049C FF                 1225 	.db #0xff	; 255
   049D 43                 1226 	.db #0x43	; 67	'C'
   049E 44                 1227 	.db #0x44	; 68	'D'
   049F FF                 1228 	.db #0xff	; 255
   04A0 FF                 1229 	.db #0xff	; 255
   04A1 FF                 1230 	.db #0xff	; 255
   04A2 FF                 1231 	.db #0xff	; 255
   04A3 43                 1232 	.db #0x43	; 67	'C'
   04A4 44                 1233 	.db #0x44	; 68	'D'
   04A5 FF                 1234 	.db #0xff	; 255
   04A6 FF                 1235 	.db #0xff	; 255
   04A7 FF                 1236 	.db #0xff	; 255
   04A8 FF                 1237 	.db #0xff	; 255
   04A9 43                 1238 	.db #0x43	; 67	'C'
   04AA 44                 1239 	.db #0x44	; 68	'D'
   04AB FF                 1240 	.db #0xff	; 255
   04AC FF                 1241 	.db #0xff	; 255
   04AD FF                 1242 	.db #0xff	; 255
   04AE FF                 1243 	.db #0xff	; 255
   04AF FF                 1244 	.db #0xff	; 255
   04B0 FF                 1245 	.db #0xff	; 255
   04B1 FF                 1246 	.db #0xff	; 255
   04B2 FF                 1247 	.db #0xff	; 255
   04B3 53                 1248 	.db #0x53	; 83	'S'
   04B4 54                 1249 	.db #0x54	; 84	'T'
   04B5 FF                 1250 	.db #0xff	; 255
   04B6 FF                 1251 	.db #0xff	; 255
   04B7 FF                 1252 	.db #0xff	; 255
   04B8 FF                 1253 	.db #0xff	; 255
   04B9 53                 1254 	.db #0x53	; 83	'S'
   04BA 54                 1255 	.db #0x54	; 84	'T'
   04BB FF                 1256 	.db #0xff	; 255
   04BC FF                 1257 	.db #0xff	; 255
   04BD FF                 1258 	.db #0xff	; 255
   04BE FF                 1259 	.db #0xff	; 255
   04BF 53                 1260 	.db #0x53	; 83	'S'
   04C0 54                 1261 	.db #0x54	; 84	'T'
   04C1 FF                 1262 	.db #0xff	; 255
   04C2 FF                 1263 	.db #0xff	; 255
   04C3 6D                 1264 	.db #0x6d	; 109	'm'
   04C4 6D                 1265 	.db #0x6d	; 109	'm'
   04C5 53                 1266 	.db #0x53	; 83	'S'
   04C6 54                 1267 	.db #0x54	; 84	'T'
   04C7 FF                 1268 	.db #0xff	; 255
   04C8 FF                 1269 	.db #0xff	; 255
   04C9 FF                 1270 	.db #0xff	; 255
   04CA FF                 1271 	.db #0xff	; 255
   04CB 53                 1272 	.db #0x53	; 83	'S'
   04CC 54                 1273 	.db #0x54	; 84	'T'
   04CD FF                 1274 	.db #0xff	; 255
   04CE FF                 1275 	.db #0xff	; 255
   04CF FF                 1276 	.db #0xff	; 255
   04D0 FF                 1277 	.db #0xff	; 255
   04D1 53                 1278 	.db #0x53	; 83	'S'
   04D2 54                 1279 	.db #0x54	; 84	'T'
   04D3 FF                 1280 	.db #0xff	; 255
   04D4 FF                 1281 	.db #0xff	; 255
   04D5 FF                 1282 	.db #0xff	; 255
   04D6 FF                 1283 	.db #0xff	; 255
   04D7 FF                 1284 	.db #0xff	; 255
   04D8 FF                 1285 	.db #0xff	; 255
   04D9 80                 1286 	.db #0x80	; 128
   04DA 80                 1287 	.db #0x80	; 128
   04DB 80                 1288 	.db #0x80	; 128
   04DC 80                 1289 	.db #0x80	; 128
   04DD 80                 1290 	.db #0x80	; 128
   04DE 80                 1291 	.db #0x80	; 128
   04DF 80                 1292 	.db #0x80	; 128
   04E0 80                 1293 	.db #0x80	; 128
   04E1 80                 1294 	.db #0x80	; 128
   04E2 80                 1295 	.db #0x80	; 128
   04E3 80                 1296 	.db #0x80	; 128
   04E4 80                 1297 	.db #0x80	; 128
   04E5 80                 1298 	.db #0x80	; 128
   04E6 80                 1299 	.db #0x80	; 128
   04E7 80                 1300 	.db #0x80	; 128
   04E8 80                 1301 	.db #0x80	; 128
   04E9 80                 1302 	.db #0x80	; 128
   04EA 80                 1303 	.db #0x80	; 128
   04EB 80                 1304 	.db #0x80	; 128
   04EC 80                 1305 	.db #0x80	; 128
   04ED 80                 1306 	.db #0x80	; 128
   04EE 80                 1307 	.db #0x80	; 128
   04EF 80                 1308 	.db #0x80	; 128
   04F0 80                 1309 	.db #0x80	; 128
   04F1 80                 1310 	.db #0x80	; 128
   04F2 80                 1311 	.db #0x80	; 128
   04F3 80                 1312 	.db #0x80	; 128
   04F4 80                 1313 	.db #0x80	; 128
   04F5 80                 1314 	.db #0x80	; 128
   04F6 80                 1315 	.db #0x80	; 128
   04F7 80                 1316 	.db #0x80	; 128
   04F8 80                 1317 	.db #0x80	; 128
   04F9 80                 1318 	.db #0x80	; 128
   04FA 80                 1319 	.db #0x80	; 128
   04FB 80                 1320 	.db #0x80	; 128
   04FC 80                 1321 	.db #0x80	; 128
   04FD 80                 1322 	.db #0x80	; 128
   04FE 80                 1323 	.db #0x80	; 128
   04FF 80                 1324 	.db #0x80	; 128
                           1325 	.area _INITIALIZER
                           1326 	.area _CABS (ABS)
