                              1 ;--------------------------------------------------------
                              2 ; File Created by SDCC : free open source ANSI-C Compiler
                              3 ; Version 3.6.8 #9946 (Linux)
                              4 ;--------------------------------------------------------
                              5 	.module heart2
                              6 	.optsdcc -mz80
                              7 	
                              8 ;--------------------------------------------------------
                              9 ; Public variables in this module
                             10 ;--------------------------------------------------------
                             11 	.globl _sheart_heart2
                             12 ;--------------------------------------------------------
                             13 ; special function registers
                             14 ;--------------------------------------------------------
                             15 ;--------------------------------------------------------
                             16 ; ram data
                             17 ;--------------------------------------------------------
                             18 	.area _DATA
                             19 ;--------------------------------------------------------
                             20 ; ram data
                             21 ;--------------------------------------------------------
                             22 	.area _INITIALIZED
                             23 ;--------------------------------------------------------
                             24 ; absolute external ram data
                             25 ;--------------------------------------------------------
                             26 	.area _DABS (ABS)
                             27 ;--------------------------------------------------------
                             28 ; global & static initialisations
                             29 ;--------------------------------------------------------
                             30 	.area _HOME
                             31 	.area _GSINIT
                             32 	.area _GSFINAL
                             33 	.area _GSINIT
                             34 ;--------------------------------------------------------
                             35 ; Home
                             36 ;--------------------------------------------------------
                             37 	.area _HOME
                             38 	.area _HOME
                             39 ;--------------------------------------------------------
                             40 ; code
                             41 ;--------------------------------------------------------
                             42 	.area _CODE
                             43 	.area _CODE
   0000                      44 _sheart_heart2:
   0000 15                   45 	.db #0x15	; 21
   0001 2A                   46 	.db #0x2a	; 42
   0002 15                   47 	.db #0x15	; 21
   0003 2A                   48 	.db #0x2a	; 42
   0004 3F                   49 	.db #0x3f	; 63
   0005 3F                   50 	.db #0x3f	; 63
   0006 3F                   51 	.db #0x3f	; 63
   0007 3F                   52 	.db #0x3f	; 63
   0008 3F                   53 	.db #0x3f	; 63
   0009 3F                   54 	.db #0x3f	; 63
   000A 3F                   55 	.db #0x3f	; 63
   000B 3F                   56 	.db #0x3f	; 63
   000C 3F                   57 	.db #0x3f	; 63
   000D 3F                   58 	.db #0x3f	; 63
   000E 3F                   59 	.db #0x3f	; 63
   000F 3F                   60 	.db #0x3f	; 63
   0010 3F                   61 	.db #0x3f	; 63
   0011 3F                   62 	.db #0x3f	; 63
   0012 3F                   63 	.db #0x3f	; 63
   0013 3F                   64 	.db #0x3f	; 63
   0014 15                   65 	.db #0x15	; 21
   0015 3F                   66 	.db #0x3f	; 63
   0016 3F                   67 	.db #0x3f	; 63
   0017 2A                   68 	.db #0x2a	; 42
   0018 00                   69 	.db #0x00	; 0
   0019 3F                   70 	.db #0x3f	; 63
   001A 3F                   71 	.db #0x3f	; 63
   001B 00                   72 	.db #0x00	; 0
   001C 00                   73 	.db #0x00	; 0
   001D 15                   74 	.db #0x15	; 21
   001E 2A                   75 	.db #0x2a	; 42
   001F 00                   76 	.db #0x00	; 0
                             77 	.area _INITIALIZER
                             78 	.area _CABS (ABS)
