                              1 ;--------------------------------------------------------
                              2 ; File Created by SDCC : free open source ANSI-C Compiler
                              3 ; Version 3.6.8 #9946 (Linux)
                              4 ;--------------------------------------------------------
                              5 	.module torreta3
                              6 	.optsdcc -mz80
                              7 	
                              8 ;--------------------------------------------------------
                              9 ; Public variables in this module
                             10 ;--------------------------------------------------------
                             11 	.globl _stor_torreta3_1
                             12 	.globl _stor_torreta3_0
                             13 	.globl _stor_tileset
                             14 ;--------------------------------------------------------
                             15 ; special function registers
                             16 ;--------------------------------------------------------
                             17 ;--------------------------------------------------------
                             18 ; ram data
                             19 ;--------------------------------------------------------
                             20 	.area _DATA
                             21 ;--------------------------------------------------------
                             22 ; ram data
                             23 ;--------------------------------------------------------
                             24 	.area _INITIALIZED
                             25 ;--------------------------------------------------------
                             26 ; absolute external ram data
                             27 ;--------------------------------------------------------
                             28 	.area _DABS (ABS)
                             29 ;--------------------------------------------------------
                             30 ; global & static initialisations
                             31 ;--------------------------------------------------------
                             32 	.area _HOME
                             33 	.area _GSINIT
                             34 	.area _GSFINAL
                             35 	.area _GSINIT
                             36 ;--------------------------------------------------------
                             37 ; Home
                             38 ;--------------------------------------------------------
                             39 	.area _HOME
                             40 	.area _HOME
                             41 ;--------------------------------------------------------
                             42 ; code
                             43 ;--------------------------------------------------------
                             44 	.area _CODE
                             45 	.area _CODE
   0000                      46 _stor_tileset:
   0000r04r00                47 	.dw _stor_torreta3_0
   0002r1Cr00                48 	.dw _stor_torreta3_1
   0004                      49 _stor_torreta3_0:
   0004 00                   50 	.db #0x00	; 0
   0005 41                   51 	.db #0x41	; 65	'A'
   0006 00                   52 	.db #0x00	; 0
   0007 41                   53 	.db #0x41	; 65	'A'
   0008 00                   54 	.db #0x00	; 0
   0009 C3                   55 	.db #0xc3	; 195
   000A 41                   56 	.db #0x41	; 65	'A'
   000B C3                   57 	.db #0xc3	; 195
   000C 30                   58 	.db #0x30	; 48	'0'
   000D 30                   59 	.db #0x30	; 48	'0'
   000E 3F                   60 	.db #0x3f	; 63
   000F 3F                   61 	.db #0x3f	; 63
   0010 3F                   62 	.db #0x3f	; 63
   0011 3F                   63 	.db #0x3f	; 63
   0012 30                   64 	.db #0x30	; 48	'0'
   0013 30                   65 	.db #0x30	; 48	'0'
   0014 41                   66 	.db #0x41	; 65	'A'
   0015 C3                   67 	.db #0xc3	; 195
   0016 00                   68 	.db #0x00	; 0
   0017 C3                   69 	.db #0xc3	; 195
   0018 00                   70 	.db #0x00	; 0
   0019 41                   71 	.db #0x41	; 65	'A'
   001A 00                   72 	.db #0x00	; 0
   001B 41                   73 	.db #0x41	; 65	'A'
   001C                      74 _stor_torreta3_1:
   001C 82                   75 	.db #0x82	; 130
   001D 00                   76 	.db #0x00	; 0
   001E 82                   77 	.db #0x82	; 130
   001F 00                   78 	.db #0x00	; 0
   0020 C3                   79 	.db #0xc3	; 195
   0021 00                   80 	.db #0x00	; 0
   0022 C3                   81 	.db #0xc3	; 195
   0023 82                   82 	.db #0x82	; 130
   0024 30                   83 	.db #0x30	; 48	'0'
   0025 30                   84 	.db #0x30	; 48	'0'
   0026 3F                   85 	.db #0x3f	; 63
   0027 3F                   86 	.db #0x3f	; 63
   0028 3F                   87 	.db #0x3f	; 63
   0029 3F                   88 	.db #0x3f	; 63
   002A 30                   89 	.db #0x30	; 48	'0'
   002B 30                   90 	.db #0x30	; 48	'0'
   002C C3                   91 	.db #0xc3	; 195
   002D 82                   92 	.db #0x82	; 130
   002E C3                   93 	.db #0xc3	; 195
   002F 00                   94 	.db #0x00	; 0
   0030 82                   95 	.db #0x82	; 130
   0031 00                   96 	.db #0x00	; 0
   0032 82                   97 	.db #0x82	; 130
   0033 00                   98 	.db #0x00	; 0
                             99 	.area _INITIALIZER
                            100 	.area _CABS (ABS)
